#-----------------------------------------------------------
# Vivado v2017.2 (64-bit)
# SW Build 1909853 on Thu Jun 15 18:39:09 MDT 2017
# IP Build 1909766 on Thu Jun 15 19:58:00 MDT 2017
# Start of session at: Fri Oct 13 08:05:58 2017
# Process ID: 10748
# Current directory: C:/Users/Rob Dunn/Documents/School/ENEL 453/VHDL_Class/Lab3/Lab3_Oh_Giesbrecht_Dunn
# Command line: vivado.exe -gui_launcher_event rodinguilauncherevent8260 C:\Users\Rob Dunn\Documents\School\ENEL 453\VHDL_Class\Lab3\Lab3_Oh_Giesbrecht_Dunn\Lab3_Oh_Giesbrecht_Dunn.xpr
# Log file: C:/Users/Rob Dunn/Documents/School/ENEL 453/VHDL_Class/Lab3/Lab3_Oh_Giesbrecht_Dunn/vivado.log
# Journal file: C:/Users/Rob Dunn/Documents/School/ENEL 453/VHDL_Class/Lab3/Lab3_Oh_Giesbrecht_Dunn\vivado.jou
#-----------------------------------------------------------
start_gui
open_project {C:/Users/Rob Dunn/Documents/School/ENEL 453/VHDL_Class/Lab3/Lab3_Oh_Giesbrecht_Dunn/Lab3_Oh_Giesbrecht_Dunn.xpr}
update_compile_order -fileset sources_1
add_files -norecurse {{C:/Users/Rob Dunn/Documents/School/ENEL 453/VHDL_Class/Lab3/clock_divider1.vhd}}
set_property SOURCE_SET sources_1 [get_filesets sim_1]
add_files -fileset sim_1 -norecurse {{C:/Users/Rob Dunn/Documents/School/ENEL 453/VHDL_Class/Lab3/tb_clock_divider.vhd}}
update_compile_order -fileset sim_1
launch_simulation
launch_simulation
launch_simulation
launch_simulation
launch_simulation
source tb_debouncer.tcl
# Disabling source management mode.  This is to allow the top design properties to be set without GUI intervention.
set_property source_mgmt_mode None [current_project]
set_property top tb_bouncing_box [get_filesets sim_1]
set_property top_lib xil_defaultlib [get_filesets sim_1]
# Re-enabling previously disabled source management mode.
set_property source_mgmt_mode All [current_project]
update_compile_order -fileset sim_1
reset_run synth_1
launch_runs synth_1 -jobs 2
wait_on_run synth_1
open_run synth_1 -name synth_1
# Disabling source management mode.  This is to allow the top design properties to be set without GUI intervention.
set_property source_mgmt_mode None [current_project]
set_property top tb_vga_module [get_filesets sim_1]
set_property top_lib xil_defaultlib [get_filesets sim_1]
# Re-enabling previously disabled source management mode.
set_property source_mgmt_mode All [current_project]
update_compile_order -fileset sim_1
