#-----------------------------------------------------------
# Vivado v2017.2 (64-bit)
# SW Build 1909853 on Thu Jun 15 18:39:09 MDT 2017
# IP Build 1909766 on Thu Jun 15 19:58:00 MDT 2017
# Start of session at: Fri Sep 15 08:19:23 2017
# Process ID: 5020
# Current directory: C:/Users/Rob Dunn/Documents/School/ENEL 453/Lab1/LAB1_GIESBRECHT_DUNN_OH
# Command line: vivado.exe -gui_launcher_event rodinguilauncherevent3800 C:\Users\Rob Dunn\Documents\School\ENEL 453\Lab1\LAB1_GIESBRECHT_DUNN_OH\LAB1_GIESBRECHT_DUNN_OH.xpr
# Log file: C:/Users/Rob Dunn/Documents/School/ENEL 453/Lab1/LAB1_GIESBRECHT_DUNN_OH/vivado.log
# Journal file: C:/Users/Rob Dunn/Documents/School/ENEL 453/Lab1/LAB1_GIESBRECHT_DUNN_OH\vivado.jou
#-----------------------------------------------------------
start_gui
open_project {C:/Users/Rob Dunn/Documents/School/ENEL 453/Lab1/LAB1_GIESBRECHT_DUNN_OH/LAB1_GIESBRECHT_DUNN_OH.xpr}
update_compile_order -fileset sources_1
launch_simulation
launch_simulation
source tb_switch_logic.tcl
close_sim
launch_simulation
source tb_switch_logic.tcl
close_sim
launch_simulation
source tb_switch_logic.tcl
close_sim
launch_simulation
source tb_switch_logic.tcl
close_sim
